
> postureai@0.1.0 build
> next build

Γû▓ Next.js 16.1.6 (Turbopack)
- Environments: .env.local

  Creating an optimized production build ...
Γ£ô Compiled successfully in 9.7s
  Running TypeScript ...
  Collecting page data using 11 workers ...
  Generating static pages using 11 workers (0/8) ...
  Generating static pages using 11 workers (2/8) 
  Generating static pages using 11 workers (4/8) 
  Generating static pages using 11 workers (6/8) 
Γ£ô Generating static pages using 11 workers (8/8) in 1169.0ms
  Finalizing page optimization ...

Route (app)
Γöî Γùï /
Γö£ Γùï /_not-found
Γö£ ╞Æ /api/analytics
Γö£ ╞Æ /api/notifications
Γö£ ╞Æ /api/session
Γöö ╞Æ /firebase-messaging-sw.js


Γùï  (Static)   prerendered as static content
╞Æ  (Dynamic)  server-rendered on demand

